// Jest Snapshot v1, https://goo.gl/fbAQLP

exports[`Origin screen tests Should render correctly 1`] = `
<Text
  style={
    Array [
      Object {
        "color": "#7e7e7e",
      },
      undefined,
    ]
  }
>
  0:0:01:39
</Text>
`;
